log try
